// Vitest Snapshot v1, https://vitest.dev/guide/snapshot.html

exports[`DropdownField Component > render component correctly 1`] = `
<div>
  <div
    class="dropdown-field"
  >
    <p
      class="dropdown-field__label"
    >
      Test Label
    </p>
    <div
      class="dropdown-menu dropdown-menu--dark"
      data-testid="dropdownTestId"
    >
      <div
        class="dropdown-menu__block"
      >
        <button
          class="dropdown-menu__category"
        >
          Option 1
          <svg
            class="dropdown-menu__arrow"
            fill="currentColor"
            height="1em"
            stroke="currentColor"
            stroke-width="0"
            viewBox="0 0 24 24"
            width="1em"
            xmlns="http://www.w3.org/2000/svg"
          >
            <path
              d="M0 0h24v24H0V0z"
              fill="none"
            />
            <path
              d="M7.41 8.59 12 13.17l4.59-4.58L18 10l-6 6-6-6 1.41-1.41z"
            />
          </svg>
        </button>
      </div>
      <ul
        class="dropdown-menu__list"
      >
        <li
          class="dropdown-menu__option _selected-option"
          data-value="1"
        >
           
          Option 1
        </li>
        <li
          class="dropdown-menu__option"
          data-value="2"
        >
           
          Option 2
        </li>
      </ul>
    </div>
  </div>
</div>
`;
